// Jest Snapshot v1, https://goo.gl/fbAQLP

exports[`should match default snapshot 1`] = `
<DocumentFragment>
  <div
    class="TodoList"
  >
    <div
      class="TodoList-header"
    >
      <h1
        class="TodoList-title"
      >
        Todo Tracker
      </h1>
      <form>
        <label
          class="NewTodoForm-label"
          for="todo-input"
        >
          Task:
        </label>
        <input
          id="todo-input"
          name="todo"
          type="text"
          value=""
        />
        <button
          type="submit"
        >
          Add
        </button>
      </form>
    </div>
    <div />
  </div>
</DocumentFragment>
`;
