// Jest Snapshot v1, https://goo.gl/fbAQLP

exports[`should match default snapshot 1`] = `
<DocumentFragment>
  <div
    class="Todo"
  >
    <input
      type="checkbox"
    />
    <span
      class=""
    >
      test
    </span>
  </div>
</DocumentFragment>
`;
